------------------------------------------------------------
TimeQuest Timing Analyzer Summary
------------------------------------------------------------

Type  : Slow 1200mV 85C Model Setup 'LED_Drive:LED_Drive_U0|CLK_DIV_module:CLK_DIV_module_U0|ro_clk_div'
Slack : -2.284
TNS   : -28.923

Type  : Slow 1200mV 85C Model Setup 'clk_pll_u0|altpll_component|auto_generated|pll1|clk[0]'
Slack : -0.115
TNS   : -0.115

Type  : Slow 1200mV 85C Model Hold 'clk_pll_u0|altpll_component|auto_generated|pll1|clk[0]'
Slack : -0.226
TNS   : -0.226

Type  : Slow 1200mV 85C Model Hold 'LED_Drive:LED_Drive_U0|CLK_DIV_module:CLK_DIV_module_U0|ro_clk_div'
Slack : 0.434
TNS   : 0.000

Type  : Slow 1200mV 85C Model Minimum Pulse Width 'LED_Drive:LED_Drive_U0|CLK_DIV_module:CLK_DIV_module_U0|ro_clk_div'
Slack : -1.487
TNS   : -25.279

Type  : Slow 1200mV 85C Model Minimum Pulse Width 'i_clk'
Slack : 9.934
TNS   : 0.000

Type  : Slow 1200mV 85C Model Minimum Pulse Width 'clk_pll_u0|altpll_component|auto_generated|pll1|clk[0]'
Slack : 49.715
TNS   : 0.000

Type  : Slow 1200mV 0C Model Setup 'LED_Drive:LED_Drive_U0|CLK_DIV_module:CLK_DIV_module_U0|ro_clk_div'
Slack : -2.017
TNS   : -24.902

Type  : Slow 1200mV 0C Model Setup 'clk_pll_u0|altpll_component|auto_generated|pll1|clk[0]'
Slack : 0.078
TNS   : 0.000

Type  : Slow 1200mV 0C Model Hold 'clk_pll_u0|altpll_component|auto_generated|pll1|clk[0]'
Slack : -0.339
TNS   : -0.339

Type  : Slow 1200mV 0C Model Hold 'LED_Drive:LED_Drive_U0|CLK_DIV_module:CLK_DIV_module_U0|ro_clk_div'
Slack : 0.384
TNS   : 0.000

Type  : Slow 1200mV 0C Model Minimum Pulse Width 'LED_Drive:LED_Drive_U0|CLK_DIV_module:CLK_DIV_module_U0|ro_clk_div'
Slack : -1.487
TNS   : -25.279

Type  : Slow 1200mV 0C Model Minimum Pulse Width 'i_clk'
Slack : 9.943
TNS   : 0.000

Type  : Slow 1200mV 0C Model Minimum Pulse Width 'clk_pll_u0|altpll_component|auto_generated|pll1|clk[0]'
Slack : 49.715
TNS   : 0.000

Type  : Fast 1200mV 0C Model Setup 'LED_Drive:LED_Drive_U0|CLK_DIV_module:CLK_DIV_module_U0|ro_clk_div'
Slack : -0.370
TNS   : -3.329

Type  : Fast 1200mV 0C Model Setup 'clk_pll_u0|altpll_component|auto_generated|pll1|clk[0]'
Slack : 0.073
TNS   : 0.000

Type  : Fast 1200mV 0C Model Hold 'clk_pll_u0|altpll_component|auto_generated|pll1|clk[0]'
Slack : -0.069
TNS   : -0.069

Type  : Fast 1200mV 0C Model Hold 'LED_Drive:LED_Drive_U0|CLK_DIV_module:CLK_DIV_module_U0|ro_clk_div'
Slack : 0.178
TNS   : 0.000

Type  : Fast 1200mV 0C Model Minimum Pulse Width 'LED_Drive:LED_Drive_U0|CLK_DIV_module:CLK_DIV_module_U0|ro_clk_div'
Slack : -1.000
TNS   : -17.000

Type  : Fast 1200mV 0C Model Minimum Pulse Width 'i_clk'
Slack : 9.594
TNS   : 0.000

Type  : Fast 1200mV 0C Model Minimum Pulse Width 'clk_pll_u0|altpll_component|auto_generated|pll1|clk[0]'
Slack : 49.797
TNS   : 0.000

------------------------------------------------------------
